Archive member included to satisfy reference by file (symbol)

C:/ST/STM32CubeIDE_1.17.0/STM32CubeIDE/plugins/com.st.stm32cube.ide.mcu.externaltools.gnu-tools-for-stm32.12.3.rel1.win32_1.1.0.202410251130/tools/bin/../lib/gcc/arm-none-eabi/12.3.1/../../../../arm-none-eabi/lib/thumb/v7e-m/nofp\libc_nano.a(libc_a-exit.o)
                              C:/ST/STM32CubeIDE_1.17.0/STM32CubeIDE/plugins/com.st.stm32cube.ide.mcu.externaltools.gnu-tools-for-stm32.12.3.rel1.win32_1.1.0.202410251130/tools/bin/../lib/gcc/arm-none-eabi/12.3.1/../../../../arm-none-eabi/lib/thumb/v7e-m/nofp/crt0.o (exit)
C:/ST/STM32CubeIDE_1.17.0/STM32CubeIDE/plugins/com.st.stm32cube.ide.mcu.externaltools.gnu-tools-for-stm32.12.3.rel1.win32_1.1.0.202410251130/tools/bin/../lib/gcc/arm-none-eabi/12.3.1/../../../../arm-none-eabi/lib/thumb/v7e-m/nofp\libc_nano.a(libc_a-findfp.o)
                              C:/ST/STM32CubeIDE_1.17.0/STM32CubeIDE/plugins/com.st.stm32cube.ide.mcu.externaltools.gnu-tools-for-stm32.12.3.rel1.win32_1.1.0.202410251130/tools/bin/../lib/gcc/arm-none-eabi/12.3.1/../../../../arm-none-eabi/lib/thumb/v7e-m/nofp\libc_nano.a(libc_a-exit.o) (__stdio_exit_handler)
C:/ST/STM32CubeIDE_1.17.0/STM32CubeIDE/plugins/com.st.stm32cube.ide.mcu.externaltools.gnu-tools-for-stm32.12.3.rel1.win32_1.1.0.202410251130/tools/bin/../lib/gcc/arm-none-eabi/12.3.1/../../../../arm-none-eabi/lib/thumb/v7e-m/nofp\libc_nano.a(libc_a-fwalk.o)
                              C:/ST/STM32CubeIDE_1.17.0/STM32CubeIDE/plugins/com.st.stm32cube.ide.mcu.externaltools.gnu-tools-for-stm32.12.3.rel1.win32_1.1.0.202410251130/tools/bin/../lib/gcc/arm-none-eabi/12.3.1/../../../../arm-none-eabi/lib/thumb/v7e-m/nofp\libc_nano.a(libc_a-findfp.o) (_fwalk_sglue)
C:/ST/STM32CubeIDE_1.17.0/STM32CubeIDE/plugins/com.st.stm32cube.ide.mcu.externaltools.gnu-tools-for-stm32.12.3.rel1.win32_1.1.0.202410251130/tools/bin/../lib/gcc/arm-none-eabi/12.3.1/../../../../arm-none-eabi/lib/thumb/v7e-m/nofp\libc_nano.a(libc_a-stdio.o)
                              C:/ST/STM32CubeIDE_1.17.0/STM32CubeIDE/plugins/com.st.stm32cube.ide.mcu.externaltools.gnu-tools-for-stm32.12.3.rel1.win32_1.1.0.202410251130/tools/bin/../lib/gcc/arm-none-eabi/12.3.1/../../../../arm-none-eabi/lib/thumb/v7e-m/nofp\libc_nano.a(libc_a-findfp.o) (__sread)
C:/ST/STM32CubeIDE_1.17.0/STM32CubeIDE/plugins/com.st.stm32cube.ide.mcu.externaltools.gnu-tools-for-stm32.12.3.rel1.win32_1.1.0.202410251130/tools/bin/../lib/gcc/arm-none-eabi/12.3.1/../../../../arm-none-eabi/lib/thumb/v7e-m/nofp\libc_nano.a(libc_a-memset.o)
                              C:/ST/STM32CubeIDE_1.17.0/STM32CubeIDE/plugins/com.st.stm32cube.ide.mcu.externaltools.gnu-tools-for-stm32.12.3.rel1.win32_1.1.0.202410251130/tools/bin/../lib/gcc/arm-none-eabi/12.3.1/../../../../arm-none-eabi/lib/thumb/v7e-m/nofp/crt0.o (memset)
C:/ST/STM32CubeIDE_1.17.0/STM32CubeIDE/plugins/com.st.stm32cube.ide.mcu.externaltools.gnu-tools-for-stm32.12.3.rel1.win32_1.1.0.202410251130/tools/bin/../lib/gcc/arm-none-eabi/12.3.1/../../../../arm-none-eabi/lib/thumb/v7e-m/nofp\libc_nano.a(libc_a-closer.o)
                              C:/ST/STM32CubeIDE_1.17.0/STM32CubeIDE/plugins/com.st.stm32cube.ide.mcu.externaltools.gnu-tools-for-stm32.12.3.rel1.win32_1.1.0.202410251130/tools/bin/../lib/gcc/arm-none-eabi/12.3.1/../../../../arm-none-eabi/lib/thumb/v7e-m/nofp\libc_nano.a(libc_a-stdio.o) (_close_r)
C:/ST/STM32CubeIDE_1.17.0/STM32CubeIDE/plugins/com.st.stm32cube.ide.mcu.externaltools.gnu-tools-for-stm32.12.3.rel1.win32_1.1.0.202410251130/tools/bin/../lib/gcc/arm-none-eabi/12.3.1/../../../../arm-none-eabi/lib/thumb/v7e-m/nofp\libc_nano.a(libc_a-reent.o)
                              C:/ST/STM32CubeIDE_1.17.0/STM32CubeIDE/plugins/com.st.stm32cube.ide.mcu.externaltools.gnu-tools-for-stm32.12.3.rel1.win32_1.1.0.202410251130/tools/bin/../lib/gcc/arm-none-eabi/12.3.1/../../../../arm-none-eabi/lib/thumb/v7e-m/nofp\libc_nano.a(libc_a-closer.o) (errno)
C:/ST/STM32CubeIDE_1.17.0/STM32CubeIDE/plugins/com.st.stm32cube.ide.mcu.externaltools.gnu-tools-for-stm32.12.3.rel1.win32_1.1.0.202410251130/tools/bin/../lib/gcc/arm-none-eabi/12.3.1/../../../../arm-none-eabi/lib/thumb/v7e-m/nofp\libc_nano.a(libc_a-impure.o)
                              C:/ST/STM32CubeIDE_1.17.0/STM32CubeIDE/plugins/com.st.stm32cube.ide.mcu.externaltools.gnu-tools-for-stm32.12.3.rel1.win32_1.1.0.202410251130/tools/bin/../lib/gcc/arm-none-eabi/12.3.1/../../../../arm-none-eabi/lib/thumb/v7e-m/nofp\libc_nano.a(libc_a-reent.o) (_impure_ptr)
C:/ST/STM32CubeIDE_1.17.0/STM32CubeIDE/plugins/com.st.stm32cube.ide.mcu.externaltools.gnu-tools-for-stm32.12.3.rel1.win32_1.1.0.202410251130/tools/bin/../lib/gcc/arm-none-eabi/12.3.1/../../../../arm-none-eabi/lib/thumb/v7e-m/nofp\libc_nano.a(libc_a-lseekr.o)
[...]
Memory Configuration

Name             Origin             Length             Attributes
RAM              0x20000000         0x00020000         xrw
FLASH            0x08020000         0x00020000         xr
*default*        0x00000000         0xffffffff

Linker script and memory map

LOAD C:/ST/STM32CubeIDE_1.17.0/STM32CubeIDE/plugins/com.st.stm32cube.ide.mcu.externaltools.gnu-tools-for-stm32.12.3.rel1.win32_1.1.0.202410251130/tools/bin/../lib/gcc/arm-none-eabi/12.3.1/thumb/v7e-m/nofp/crti.o
LOAD C:/ST/STM32CubeIDE_1.17.0/STM32CubeIDE/plugins/com.st.stm32cube.ide.mcu.externaltools.gnu-tools-for-stm32.12.3.rel1.win32_1.1.0.202410251130/tools/bin/../lib/gcc/arm-none-eabi/12.3.1/thumb/v7e-m/nofp/crtbegin.o
LOAD C:/ST/STM32CubeIDE_1.17.0/STM32CubeIDE/plugins/com.st.stm32cube.ide.mcu.externaltools.gnu-tools-for-stm32.12.3.rel1.win32_1.1.0.202410251130/tools/bin/../lib/gcc/arm-none-eabi/12.3.1/../../../../arm-none-eabi/lib/thumb/v7e-m/nofp/crt0.o
LOAD ./Src/main.o
LOAD ./Src/syscalls.o
LOAD ./Src/sysmem.o
LOAD ./Src/system_stm32f4xx.o
LOAD ./Startup/startup_stm32f446retx.o
START GROUP
LOAD C:/ST/STM32CubeIDE_1.17.0/STM32CubeIDE/plugins/com.st.stm32cube.ide.mcu.externaltools.gnu-tools-for-stm32.12.3.rel1.win32_1.1.0.202410251130/tools/bin/../lib/gcc/arm-none-eabi/12.3.1/../../../../arm-none-eabi/lib/thumb/v7e-m/nofp\libc_nano.a
LOAD C:/ST/STM32CubeIDE_1.17.0/STM32CubeIDE/plugins/com.st.stm32cube.ide.mcu.externaltools.gnu-tools-for-stm32.12.3.rel1.win32_1.1.0.202410251130/tools/bin/../lib/gcc/arm-none-eabi/12.3.1/../../../../arm-none-eabi/lib/thumb/v7e-m/nofp\libm.a
END GROUP
START GROUP
LOAD C:/ST/STM32CubeIDE_1.17.0/STM32CubeIDE/plugins/com.st.stm32cube.ide.mcu.externaltools.gnu-tools-for-stm32.12.3.rel1.win32_1.1.0.202410251130/tools/bin/../lib/gcc/arm-none-eabi/12.3.1/thumb/v7e-m/nofp\libgcc.a
LOAD C:/ST/STM32CubeIDE_1.17.0/STM32CubeIDE/plugins/com.st.stm32cube.ide.mcu.externaltools.gnu-tools-for-stm32.12.3.rel1.win32_1.1.0.202410251130/tools/bin/../lib/gcc/arm-none-eabi/12.3.1/../../../../arm-none-eabi/lib/thumb/v7e-m/nofp\libc_nano.a
END GROUP
START GROUP
LOAD C:/ST/STM32CubeIDE_1.17.0/STM32CubeIDE/plugins/com.st.stm32cube.ide.mcu.externaltools.gnu-tools-for-stm32.12.3.rel1.win32_1.1.0.202410251130/tools/bin/../lib/gcc/arm-none-eabi/12.3.1/thumb/v7e-m/nofp\libgcc.a
LOAD C:/ST/STM32CubeIDE_1.17.0/STM32CubeIDE/plugins/com.st.stm32cube.ide.mcu.externaltools.gnu-tools-for-stm32.12.3.rel1.win32_1.1.0.202410251130/tools/bin/../lib/gcc/arm-none-eabi/12.3.1/../../../../arm-none-eabi/lib/thumb/v7e-m/nofp\libc_nano.a
LOAD C:/ST/STM32CubeIDE_1.17.0/STM32CubeIDE/plugins/com.st.stm32cube.ide.mcu.externaltools.gnu-tools-for-stm32.12.3.rel1.win32_1.1.0.202410251130/tools/bin/../lib/gcc/arm-none-eabi/12.3.1/../../../../arm-none-eabi/lib/thumb/v7e-m/nofp\libnosys.a
END GROUP
START GROUP
LOAD C:/ST/STM32CubeIDE_1.17.0/STM32CubeIDE/plugins/com.st.stm32cube.ide.mcu.externaltools.gnu-tools-for-stm32.12.3.rel1.win32_1.1.0.202410251130/tools/bin/../lib/gcc/arm-none-eabi/12.3.1/thumb/v7e-m/nofp\libgcc.a
LOAD C:/ST/STM32CubeIDE_1.17.0/STM32CubeIDE/plugins/com.st.stm32cube.ide.mcu.externaltools.gnu-tools-for-stm32.12.3.rel1.win32_1.1.0.202410251130/tools/bin/../lib/gcc/arm-none-eabi/12.3.1/../../../../arm-none-eabi/lib/thumb/v7e-m/nofp\libc_nano.a
LOAD C:/ST/STM32CubeIDE_1.17.0/STM32CubeIDE/plugins/com.st.stm32cube.ide.mcu.externaltools.gnu-tools-for-stm32.12.3.rel1.win32_1.1.0.202410251130/tools/bin/../lib/gcc/arm-none-eabi/12.3.1/../../../../arm-none-eabi/lib/thumb/v7e-m/nofp\libnosys.a
END GROUP
LOAD C:/ST/STM32CubeIDE_1.17.0/STM32CubeIDE/plugins/com.st.stm32cube.ide.mcu.externaltools.gnu-tools-for-stm32.12.3.rel1.win32_1.1.0.202410251130/tools/bin/../lib/gcc/arm-none-eabi/12.3.1/thumb/v7e-m/nofp/crtend.o
LOAD C:/ST/STM32CubeIDE_1.17.0/STM32CubeIDE/plugins/com.st.stm32cube.ide.mcu.externaltools.gnu-tools-for-stm32.12.3.rel1.win32_1.1.0.202410251130/tools/bin/../lib/gcc/arm-none-eabi/12.3.1/thumb/v7e-m/nofp/crtn.o
                0x20020000                        _estack = (ORIGIN (RAM) + LENGTH (RAM))
                0x00000200                        _Min_Heap_Size = 0x200
                0x00000400                        _Min_Stack_Size = 0x400

.isr_vector     0x08020000      0x1c4
                0x08020000                        . = ALIGN (0x4)
 *(.isr_vector)
 .isr_vector    0x08020000      0x1c4 ./Startup/startup_stm32f446retx.o
                0x08020000                g_pfnVectors
                0x080201c4                        . = ALIGN (0x4)

.text           0x080201c4      0x194
                0x080201c4                        . = ALIGN (0x4)
 *(.text)
 .text          0x080201c4       0x40 C:/ST/STM32CubeIDE_1.17.0/STM32CubeIDE/plugins/com.st.stm32cube.ide.mcu.externaltools.gnu-tools-for-stm32.12.3.rel1.win32_1.1.0.202410251130/tools/bin/../lib/gcc/arm-none-eabi/12.3.1/thumb/v7e-m/nofp/crtbegin.o
 *(.text*)
 .text.delay_ms
                0x08020204       0x32 ./Src/main.o
 *fill*         0x08020236        0x2 
 .text.main     0x08020238       0x60 ./Src/main.o
                0x08020238                main
 .text.SystemInit
                0x08020298        0xc ./Src/system_stm32f4xx.o
                0x08020298                SystemInit
 .text.Reset_Handler
                0x080202a4       0x50 ./Startup/startup_stm32f446retx.o
                0x080202a4                Reset_Handler
 .text.Default_Handler
                0x080202f4        0x2 ./Startup/startup_stm32f446retx.o
                0x080202f4                RTC_Alarm_IRQHandler
                0x080202f4                EXTI2_IRQHandler
                0x080202f4                TIM8_CC_IRQHandler
                0x080202f4                SPDIF_Rx_IRQHandler
                0x080202f4                DebugMon_Handler
                0x080202f4                SPI4_IRQHandler
                0x080202f4                TIM1_CC_IRQHandler
                0x080202f4                QuadSPI_IRQHandler
                0x080202f4                DMA2_Stream5_IRQHandler
                0x080202f4                HardFault_Handler
                0x080202f4                DMA1_Stream5_IRQHandler
                0x080202f4                SysTick_Handler
                0x080202f4                PVD_IRQHandler
                0x080202f4                SDIO_IRQHandler
                0x080202f4                TAMP_STAMP_IRQHandler
                0x080202f4                PendSV_Handler
                0x080202f4                NMI_Handler
                0x080202f4                CAN2_RX1_IRQHandler
                0x080202f4                EXTI3_IRQHandler
                0x080202f4                TIM8_TRG_COM_TIM14_IRQHandler
                0x080202f4                TIM1_UP_TIM10_IRQHandler
                0x080202f4                FMPI2C1_error_IRQHandler
                0x080202f4                TIM8_UP_TIM13_IRQHandler
                0x080202f4                I2C3_ER_IRQHandler
                0x080202f4                EXTI0_IRQHandler
                0x080202f4                I2C2_EV_IRQHandler
                0x080202f4                DMA1_Stream2_IRQHandler
                0x080202f4                CAN1_RX0_IRQHandler
                0x080202f4                OTG_HS_WKUP_IRQHandler
                0x080202f4                UsageFault_Handler
                0x080202f4                CAN2_SCE_IRQHandler
                0x080202f4                DMA2_Stream2_IRQHandler
                0x080202f4                SPI1_IRQHandler
                0x080202f4                TIM6_DAC_IRQHandler
                0x080202f4                TIM1_BRK_TIM9_IRQHandler
                0x080202f4                DCMI_IRQHandler
                0x080202f4                CAN2_RX0_IRQHandler
                0x080202f4                DMA2_Stream3_IRQHandler
                0x080202f4                FMPI2C1_IRQHandler
                0x080202f4                SAI2_IRQHandler
                0x080202f4                USART6_IRQHandler
                0x080202f4                USART3_IRQHandler
                0x080202f4                CAN1_RX1_IRQHandler
                0x080202f4                UART5_IRQHandler
                0x080202f4                DMA2_Stream0_IRQHandler
                0x080202f4                TIM4_IRQHandler
                0x080202f4                I2C1_EV_IRQHandler
                0x080202f4                HDMI_CEC_IRQHandler
                0x080202f4                DMA1_Stream6_IRQHandler
                0x080202f4                DMA1_Stream1_IRQHandler
                0x080202f4                UART4_IRQHandler
                0x080202f4                TIM3_IRQHandler
                0x080202f4                RCC_IRQHandler
                0x080202f4                TIM8_BRK_TIM12_IRQHandler
                0x080202f4                Default_Handler
                0x080202f4                EXTI15_10_IRQHandler
                0x080202f4                ADC_IRQHandler
                0x080202f4                DMA1_Stream7_IRQHandler
                0x080202f4                TIM7_IRQHandler
                0x080202f4                CAN2_TX_IRQHandler
                0x080202f4                TIM5_IRQHandler
                0x080202f4                DMA2_Stream7_IRQHandler
                0x080202f4                I2C3_EV_IRQHandler
                0x080202f4                EXTI9_5_IRQHandler
                0x080202f4                RTC_WKUP_IRQHandler
                0x080202f4                SPI2_IRQHandler
                0x080202f4                OTG_HS_EP1_IN_IRQHandler
                0x080202f4                MemManage_Handler
                0x080202f4                DMA1_Stream0_IRQHandler
                0x080202f4                CAN1_TX_IRQHandler
                0x080202f4                SVC_Handler
                0x080202f4                EXTI4_IRQHandler
                0x080202f4                OTG_HS_EP1_OUT_IRQHandler
                0x080202f4                WWDG_IRQHandler
                0x080202f4                TIM2_IRQHandler
                0x080202f4                OTG_FS_WKUP_IRQHandler
                0x080202f4                TIM1_TRG_COM_TIM11_IRQHandler
                0x080202f4                OTG_HS_IRQHandler
                0x080202f4                EXTI1_IRQHandler
                0x080202f4                USART2_IRQHandler
                0x080202f4                I2C2_ER_IRQHandler
                0x080202f4                DMA2_Stream1_IRQHandler
                0x080202f4                CAN1_SCE_IRQHandler
                0x080202f4                FLASH_IRQHandler
                0x080202f4                DMA2_Stream4_IRQHandler
                0x080202f4                BusFault_Handler
                0x080202f4                USART1_IRQHandler
                0x080202f4                OTG_FS_IRQHandler
                0x080202f4                SPI3_IRQHandler
                0x080202f4                DMA1_Stream4_IRQHandler
                0x080202f4                I2C1_ER_IRQHandler
                0x080202f4                FMC_IRQHandler
                0x080202f4                DMA2_Stream6_IRQHandler
                0x080202f4                SAI1_IRQHandler
                0x080202f4                DMA1_Stream3_IRQHandler
 *fill*         0x080202f6        0x2 
 .text.__libc_init_array
                0x080202f8       0x48 C:/ST/STM32CubeIDE_1.17.0/STM32CubeIDE/plugins/com.st.stm32cube.ide.mcu.externaltools.gnu-tools-for-stm32.12.3.rel1.win32_1.1.0.202410251130/tools/bin/../lib/gcc/arm-none-eabi/12.3.1/../../../../arm-none-eabi/lib/thumb/v7e-m/nofp\libc_nano.a(libc_a-init.o)
                0x080202f8                __libc_init_array
 *(.glue_7)
 .glue_7        0x08020340        0x0 linker stubs
 *(.glue_7t)
 .glue_7t       0x08020340        0x0 linker stubs
 *(.eh_frame)
 .eh_frame      0x08020340        0x0 C:/ST/STM32CubeIDE_1.17.0/STM32CubeIDE/plugins/com.st.stm32cube.ide.mcu.externaltools.gnu-tools-for-stm32.12.3.rel1.win32_1.1.0.202410251130/tools/bin/../lib/gcc/arm-none-eabi/12.3.1/thumb/v7e-m/nofp/crtbegin.o
 *(.init)
 .init          0x08020340        0x4 C:/ST/STM32CubeIDE_1.17.0/STM32CubeIDE/plugins/com.st.stm32cube.ide.mcu.externaltools.gnu-tools-for-stm32.12.3.rel1.win32_1.1.0.202410251130/tools/bin/../lib/gcc/arm-none-eabi/12.3.1/thumb/v7e-m/nofp/crti.o
                0x08020340                _init
 .init          0x08020344        0x8 C:/ST/STM32CubeIDE_1.17.0/STM32CubeIDE/plugins/com.st.stm32cube.ide.mcu.externaltools.gnu-tools-for-stm32.12.3.rel1.win32_1.1.0.202410251130/tools/bin/../lib/gcc/arm-none-eabi/12.3.1/thumb/v7e-m/nofp/crtn.o
 *(.fini)
 .fini          0x0802034c        0x4 C:/ST/STM32CubeIDE_1.17.0/STM32CubeIDE/plugins/com.st.stm32cube.ide.mcu.externaltools.gnu-tools-for-stm32.12.3.rel1.win32_1.1.0.202410251130/tools/bin/../lib/gcc/arm-none-eabi/12.3.1/thumb/v7e-m/nofp/crti.o
                0x0802034c                _fini
 .fini          0x08020350        0x8 C:/ST/STM32CubeIDE_1.17.0/STM32CubeIDE/plugins/com.st.stm32cube.ide.mcu.externaltools.gnu-tools-for-stm32.12.3.rel1.win32_1.1.0.202410251130/tools/bin/../lib/gcc/arm-none-eabi/12.3.1/thumb/v7e-m/nofp/crtn.o
                0x08020358                        . = ALIGN (0x4)
                0x08020358                        _etext = .

.vfp11_veneer   0x08020358        0x0
 .vfp11_veneer  0x08020358        0x0 linker stubs

.v4_bx          0x08020358        0x0
 .v4_bx         0x08020358        0x0 linker stubs

.iplt           0x08020358        0x0
 .iplt          0x08020358        0x0 C:/ST/STM32CubeIDE_1.17.0/STM32CubeIDE/plugins/com.st.stm32cube.ide.mcu.externaltools.gnu-tools-for-stm32.12.3.rel1.win32_1.1.0.202410251130/tools/bin/../lib/gcc/arm-none-eabi/12.3.1/thumb/v7e-m/nofp/crtbegin.o

.rodata         0x08020358        0x0
                0x08020358                        . = ALIGN (0x4)
 *(.rodata)
 *(.rodata*)
                0x08020358                        . = ALIGN (0x4)

.ARM.extab      0x08020358        0x0
                0x08020358                        . = ALIGN (0x4)
 *(.ARM.extab* .gnu.linkonce.armextab.*)
                0x08020358                        . = ALIGN (0x4)

.ARM            0x08020358        0x0
                0x08020358                        . = ALIGN (0x4)
                0x08020358                        __exidx_start = .
 *(.ARM.exidx*)
                0x08020358                        __exidx_end = .
                0x08020358                        . = ALIGN (0x4)

.preinit_array  0x08020358        0x0
                0x08020358                        . = ALIGN (0x4)
                0x08020358                        PROVIDE (__preinit_array_start = .)
 *(.preinit_array*)
                0x08020358                        PROVIDE (__preinit_array_end = .)
                0x08020358                        . = ALIGN (0x4)

.init_array     0x08020358        0x4
                0x08020358                        . = ALIGN (0x4)
                0x08020358                        PROVIDE (__init_array_start = .)
 *(SORT_BY_NAME(.init_array.*))
 *(.init_array*)
 .init_array    0x08020358        0x4 C:/ST/STM32CubeIDE_1.17.0/STM32CubeIDE/plugins/com.st.stm32cube.ide.mcu.externaltools.gnu-tools-for-stm32.12.3.rel1.win32_1.1.0.202410251130/tools/bin/../lib/gcc/arm-none-eabi/12.3.1/thumb/v7e-m/nofp/crtbegin.o
                0x0802035c                        PROVIDE (__init_array_end = .)
                0x0802035c                        . = ALIGN (0x4)

.fini_array     0x0802035c        0x4
                0x0802035c                        . = ALIGN (0x4)
                [!provide]                        PROVIDE (__fini_array_start = .)
 *(SORT_BY_NAME(.fini_array.*))
 *(.fini_array*)
 .fini_array    0x0802035c        0x4 C:/ST/STM32CubeIDE_1.17.0/STM32CubeIDE/plugins/com.st.stm32cube.ide.mcu.externaltools.gnu-tools-for-stm32.12.3.rel1.win32_1.1.0.202410251130/tools/bin/../lib/gcc/arm-none-eabi/12.3.1/thumb/v7e-m/nofp/crtbegin.o
                [!provide]                        PROVIDE (__fini_array_end = .)
                0x08020360                        . = ALIGN (0x4)
                0x08020360                        _sidata = LOADADDR (.data)

.rel.dyn        0x08020360        0x0
 .rel.iplt      0x08020360        0x0 C:/ST/STM32CubeIDE_1.17.0/STM32CubeIDE/plugins/com.st.stm32cube.ide.mcu.externaltools.gnu-tools-for-stm32.12.3.rel1.win32_1.1.0.202410251130/tools/bin/../lib/gcc/arm-none-eabi/12.3.1/thumb/v7e-m/nofp/crtbegin.o

.data           0x20000000        0x0 load address 0x08020360
                0x20000000                        . = ALIGN (0x4)
                0x20000000                        _sdata = .
 *(.data)
 *(.data*)
 *(.RamFunc)
 *(.RamFunc*)
                0x20000000                        . = ALIGN (0x4)
                0x20000000                        _edata = .

.igot.plt       0x20000000        0x0 load address 0x08020360
 .igot.plt      0x20000000        0x0 C:/ST/STM32CubeIDE_1.17.0/STM32CubeIDE/plugins/com.st.stm32cube.ide.mcu.externaltools.gnu-tools-for-stm32.12.3.rel1.win32_1.1.0.202410251130/tools/bin/../lib/gcc/arm-none-eabi/12.3.1/thumb/v7e-m/nofp/crtbegin.o
                0x20000000                        . = ALIGN (0x4)

.bss            0x20000000       0x1c load address 0x08020360
                0x20000000                        _sbss = .
                0x20000000                        __bss_start__ = _sbss
 *(.bss)
 .bss           0x20000000       0x1c C:/ST/STM32CubeIDE_1.17.0/STM32CubeIDE/plugins/com.st.stm32cube.ide.mcu.externaltools.gnu-tools-for-stm32.12.3.rel1.win32_1.1.0.202410251130/tools/bin/../lib/gcc/arm-none-eabi/12.3.1/thumb/v7e-m/nofp/crtbegin.o
 *(.bss*)
 *(COMMON)
                0x2000001c                        . = ALIGN (0x4)
                0x2000001c                        _ebss = .
                0x2000001c                        __bss_end__ = _ebss

._user_heap_stack
                0x2000001c      0x604 load address 0x08020360
                0x20000020                        . = ALIGN (0x8)
 *fill*         0x2000001c        0x4 
                [!provide]                        PROVIDE (end = .)
                0x20000020                        PROVIDE (_end = .)
                0x20000220                        . = (. + _Min_Heap_Size)
 *fill*         0x20000020      0x200 
                0x20000620                        . = (. + _Min_Stack_Size)
 *fill*         0x20000220      0x400 
                0x20000620                        . = ALIGN (0x8)

/DISCARD/
 libc.a(*)
 libm.a(*)
 libgcc.a(*)

.ARM.attributes
                0x00000000       0x2a
 *(.ARM.attributes)
 .ARM.attributes
                0x00000000       0x1e C:/ST/STM32CubeIDE_1.17.0/STM32CubeIDE/plugins/com.st.stm32cube.ide.mcu.externaltools.gnu-tools-for-stm32.12.3.rel1.win32_1.1.0.202410251130/tools/bin/../lib/gcc/arm-none-eabi/12.3.1/thumb/v7e-m/nofp/crti.o
 .ARM.attributes
                0x0000001e       0x2e C:/ST/STM32CubeIDE_1.17.0/STM32CubeIDE/plugins/com.st.stm32cube.ide.mcu.externaltools.gnu-tools-for-stm32.12.3.rel1.win32_1.1.0.202410251130/tools/bin/../lib/gcc/arm-none-eabi/12.3.1/thumb/v7e-m/nofp/crtbegin.o
 .ARM.attributes
                0x0000004c       0x2e ./Src/main.o
 .ARM.attributes
                0x0000007a       0x2e ./Src/system_stm32f4xx.o
 .ARM.attributes
                0x000000a8       0x21 ./Startup/startup_stm32f446retx.o
 .ARM.attributes
                0x000000c9       0x2e C:/ST/STM32CubeIDE_1.17.0/STM32CubeIDE/plugins/com.st.stm32cube.ide.mcu.externaltools.gnu-tools-for-stm32.12.3.rel1.win32_1.1.0.202410251130/tools/bin/../lib/gcc/arm-none-eabi/12.3.1/../../../../arm-none-eabi/lib/thumb/v7e-m/nofp\libc_nano.a(libc_a-init.o)
 .ARM.attributes
                0x000000f7       0x1e C:/ST/STM32CubeIDE_1.17.0/STM32CubeIDE/plugins/com.st.stm32cube.ide.mcu.externaltools.gnu-tools-for-stm32.12.3.rel1.win32_1.1.0.202410251130/tools/bin/../lib/gcc/arm-none-eabi/12.3.1/thumb/v7e-m/nofp/crtn.o
OUTPUT(app.elf elf32-littlearm)
LOAD linker stubs
LOAD C:/ST/STM32CubeIDE_1.17.0/STM32CubeIDE/plugins/com.st.stm32cube.ide.mcu.externaltools.gnu-tools-for-stm32.12.3.rel1.win32_1.1.0.202410251130/tools/bin/../lib/gcc/arm-none-eabi/12.3.1/../../../../arm-none-eabi/lib/thumb/v7e-m/nofp\libc.a
LOAD C:/ST/STM32CubeIDE_1.17.0/STM32CubeIDE/plugins/com.st.stm32cube.ide.mcu.externaltools.gnu-tools-for-stm32.12.3.rel1.win32_1.1.0.202410251130/tools/bin/../lib/gcc/arm-none-eabi/12.3.1/../../../../arm-none-eabi/lib/thumb/v7e-m/nofp\libm.a
LOAD C:/ST/STM32CubeIDE_1.17.0/STM32CubeIDE/plugins/com.st.stm32cube.ide.mcu.externaltools.gnu-tools-for-stm32.12.3.rel1.win32_1.1.0.202410251130/tools/bin/../lib/gcc/arm-none-eabi/12.3.1/thumb/v7e-m/nofp\libgcc.a

.debug_info     0x00000000      0x8cf
 .debug_info    0x00000000      0x557 ./Src/main.o
 .debug_info    0x00000557      0x348 ./Src/system_stm32f4xx.o
 .debug_info    0x0000089f       0x30 ./Startup/startup_stm32f446retx.o

.debug_abbrev   0x00000000      0x23a
 .debug_abbrev  0x00000000       0xfa ./Src/main.o
 .debug_abbrev  0x000000fa      0x11c ./Src/system_stm32f4xx.o
 .debug_abbrev  0x00000216       0x24 ./Startup/startup_stm32f446retx.o

.debug_aranges  0x00000000       0x78
 .debug_aranges
                0x00000000       0x28 ./Src/main.o
 .debug_aranges
                0x00000028       0x28 ./Src/system_stm32f4xx.o
 .debug_aranges
                0x00000050       0x28 ./Startup/startup_stm32f446retx.o

.debug_rnglists
                0x00000000       0x4c
 .debug_rnglists
                0x00000000       0x19 ./Src/main.o
 .debug_rnglists
                0x00000019       0x1a ./Src/system_stm32f4xx.o
 .debug_rnglists
                0x00000033       0x19 ./Startup/startup_stm32f446retx.o

.debug_macro    0x00000000    0x18b2a
 .debug_macro   0x00000000       0xc5 ./Src/main.o
 .debug_macro   0x000000c5      0xaba ./Src/main.o
 .debug_macro   0x00000b7f       0x28 ./Src/main.o
 .debug_macro   0x00000ba7       0x22 ./Src/main.o
 .debug_macro   0x00000bc9       0x8e ./Src/main.o
 .debug_macro   0x00000c57       0x51 ./Src/main.o
 .debug_macro   0x00000ca8      0x103 ./Src/main.o
 .debug_macro   0x00000dab       0x6a ./Src/main.o
 .debug_macro   0x00000e15      0x1df ./Src/main.o
 .debug_macro   0x00000ff4       0x1c ./Src/main.o
 .debug_macro   0x00001010       0x22 ./Src/main.o
 .debug_macro   0x00001032       0xfb ./Src/main.o
 .debug_macro   0x0000112d     0x1011 ./Src/main.o
 .debug_macro   0x0000213e      0x11f ./Src/main.o
 .debug_macro   0x0000225d    0x1675e ./Src/main.o
 .debug_macro   0x000189bb       0xda ./Src/system_stm32f4xx.o
 .debug_macro   0x00018a95       0x28 ./Src/system_stm32f4xx.o
 .debug_macro   0x00018abd       0x6d ./Src/system_stm32f4xx.o

.debug_line     0x00000000      0xb39
 .debug_line    0x00000000      0x550 ./Src/main.o
 .debug_line    0x00000550      0x56e ./Src/system_stm32f4xx.o
 .debug_line    0x00000abe       0x7b ./Startup/startup_stm32f446retx.o

.debug_str      0x00000000    0x8b222
 .debug_str     0x00000000    0x8aa02 ./Src/main.o
                              0x8ab87 (size before relaxing)
 .debug_str     0x0008aa02      0x7e1 ./Src/system_stm32f4xx.o
                              0x8b2b0 (size before relaxing)
 .debug_str     0x0008b1e3       0x3f ./Startup/startup_stm32f446retx.o
                                 0x65 (size before relaxing)

.comment        0x00000000       0x43
 .comment       0x00000000       0x43 ./Src/main.o
                                 0x44 (size before relaxing)
 .comment       0x00000043       0x44 ./Src/system_stm32f4xx.o

.debug_frame    0x00000000       0xd8
 .debug_frame   0x00000000       0x54 ./Src/main.o
 .debug_frame   0x00000054       0x58 ./Src/system_stm32f4xx.o
 .debug_frame   0x000000ac       0x2c C:/ST/STM32CubeIDE_1.17.0/STM32CubeIDE/plugins/com.st.stm32cube.ide.mcu.externaltools.gnu-tools-for-stm32.12.3.rel1.win32_1.1.0.202410251130/tools/bin/../lib/gcc/arm-none-eabi/12.3.1/../../../../arm-none-eabi/lib/thumb/v7e-m/nofp\libc_nano.a(libc_a-init.o)

.debug_line_str
                0x00000000       0x49
 .debug_line_str
                0x00000000       0x49 ./Startup/startup_stm32f446retx.o
