../Src/main.c:38:13:delay_ms	24	static,ignoring_inline_asm
../Src/main.c:44:13:init_led	4	static
../Src/main.c:50:13:led_on	4	static
../Src/main.c:54:13:led_off	4	static
../Src/main.c:58:13:no_app_forever	8	static
../Src/main.c:68:13:deinit	16	static,ignoring_inline_asm
../Src/main.c:86:29:jump_to_app	0	static,ignoring_inline_asm
../Src/main.c:94:16:app_valid	16	static
../Src/main.c:101:16:wait_for_magic	24	static
../Src/main.c:124:13:update_mode	8	static
../Src/main.c:136:5:main	16	static,ignoring_inline_asm
